Microchip MPLAB XC8 Compiler V3.00

Linker command line:

-W-3 \
  --edf=C:\Program Files\Microchip\xc8\v3.00\pic\dat\20241204225717_en.msgs \
  -pivt0x8=08h -cn -h+dist/default/production\HydroGuard.production.sym \
  --cmf=dist/default/production\HydroGuard.production.cmf -z -Q18F16Q41 \
  -oC:\Users\Jules\AppData\Local\Temp\xcAsklk.\driver_tmp_3.o \
  --defsym=__MPLAB_BUILD=1 --fixupoverflow=error \
  -Mdist/default/production/HydroGuard.production.map \
  --md=C:\Users\Jules\AppData\Local\Temp\xcAsklk.\driver_tmp_0.dat -E1 \
  -ver=XC8 Compiler -ACODE=00h-0FFFFh -ACONST=00h-0FFFFh \
  -ASMALLCONST=01600h-016FFhx234 -AMEDIUMCONST=01600h-0FFFFh \
  -ACOMRAM=0501h-055Fh -AABS1=0500h-014FFh -ABIGRAM=0501h-014FFh \
  -ARAM=0560h-05FFh,0600h-06FFhx15 -ABANK5=0560h-05FFh -ABANK6=0600h-06FFh \
  -ABANK7=0700h-07FFh -ABANK8=0800h-08FFh -ABANK9=0900h-09FFh \
  -ABANK10=0A00h-0AFFh -ABANK11=0B00h-0BFFh -ABANK12=0C00h-0CFFh \
  -ABANK13=0D00h-0DFFh -ABANK14=0E00h-0EFFh -ABANK15=0F00h-0FFFh \
  -ABANK16=01000h-010FFh -ABANK17=01100h-011FFh -ABANK18=01200h-012FFh \
  -ABANK19=01300h-013FFh -ABANK20=01400h-014FFh \
  -ASFR=00h-0FFhx4,0400h-045Fh,0460h-04FFh,01500h-015FFh \
  -ABIGSFR=00h-04FFh,01500h-015FFh -ACONFIG=0300000h-0300011h \
  -AIDLOC=0200000h-020003Fh -AEEDATA=0380000h-03801FFh -peeprom_data=EEDATA \
  -preset_vec=00h -ppowerup=CODE,init -pramtop=01600h \
  -psmallconst=SMALLCONST -pmediumconst=MEDIUMCONST -pconst=CONST \
  -AFARRAM=00h-00h \
  -prdata=COMRAM,nvrram=COMRAM,nvbit=COMRAM,rbss=COMRAM,rbit=COMRAM \
  -pfarbss=FARRAM,fardata=FARRAM,nvFARRAM=FARRAM \
  -pintsave_regs=BIGRAM,bigbss=BIGRAM,bigdata=BIGRAM -pbss=RAM \
  -pidata=CODE,irdata=CODE,ibigdata=CODE,ifardata=CODE -prparam=COMRAM \
  dist/default/production\startup.o \
  dist/default/production\HydroGuard.production.o 

Object code version is 3.11

Machine type is 18F16Q41



                Name                               Link     Load   Length Selector   Space Scale
dist/default/production\startup.o
                config                           300000   300000        9        0       4
                init                                 1A       1A        4        4       0
                reset_vec                             0        0        4        0       0
dist/default/production\HydroGuard.production.o
                config                           300000   300000        9        0       4
                smallconst                         1600     1600       50      B00       0
                ivt0x8                                8        8       12        4       0
                text35                             20A0     20A0        2      B28       0
                text34                             209E     209E        2      B28       0
                text33                             209C     209C        2      B28       0
                text32                             1E98     1E98       38      B28       0
                text31                             1D2C     1D2C       56      B28       0
                text30                             205E     205E       14      B28       0
                text29                             1FAC     1FAC       26      B28       0
                text28                             2090     2090        A      B28       0
                text27                             2086     2086        A      B28       0
                text26                             207C     207C        A      B28       0
                text25                             1ED0     1ED0       34      B28       0
                text24                             1C08     1C08       66      B28       0
                text23                             2072     2072        A      B28       0
                text22                             1F04     1F04       2E      B28       0
                text21                             2028     2028       1C      B28       0
                text20                             200C     200C       1C      B28       0
                text19                             1FF0     1FF0       1C      B28       0
                text18                             1C6E     1C6E       62      B28       0
                text17                             2044     2044       1A      B28       0
                text16                             1CD0     1CD0       5C      B28       0
                text15                             1FD2     1FD2       1E      B28       0
                text14                             1F5E     1F5E       28      B28       0
                text13                             1A08     1A08       8E      B28       0
                text12                             1E5C     1E5C       3C      B28       0
                text11                             1B20     1B20       82      B28       0
                text10                             1BA2     1BA2       66      B28       0
                text9                              1A96     1A96       8A      B28       0
                text8                              1E16     1E16       46      B28       0
                text7                              1F86     1F86       26      B28       0
                text6                              1650     1650      160      B28       0
                text5                              209A     209A        2      B28       0
                text4                              1894     1894       CA      B28       0
                text3                              17B0     17B0       E4      B28       0
                text2                              1D82     1D82       4C      B28       0
                text1                              1DCE     1DCE       48      B28       0
                text0                              195E     195E       AA      B28       0
                cstackCOMRAM                        501      501       32      501       1
                bssBANK5                            560      560       20      560       1
                bssCOMRAM                           533      533       23      501       1
                cinit                              1F32     1F32       2C      B28       0
                nvCOMRAM                            556      556        2      501       1

TOTAL           Name                               Link     Load   Length     Space
        CLASS   CODE           
                init                                 1A       1A        4         0
                reset_vec                             0        0        4         0
                ivt0x8                                8        8       12         0
                text35                             20A0     20A0        2         0
                text34                             209E     209E        2         0
                text33                             209C     209C        2         0
                text32                             1E98     1E98       38         0
                text31                             1D2C     1D2C       56         0
                text30                             205E     205E       14         0
                text29                             1FAC     1FAC       26         0
                text28                             2090     2090        A         0
                text27                             2086     2086        A         0
                text26                             207C     207C        A         0
                text25                             1ED0     1ED0       34         0
                text24                             1C08     1C08       66         0
                text23                             2072     2072        A         0
                text22                             1F04     1F04       2E         0
                text21                             2028     2028       1C         0
                text20                             200C     200C       1C         0
                text19                             1FF0     1FF0       1C         0
                text18                             1C6E     1C6E       62         0
                text17                             2044     2044       1A         0
                text16                             1CD0     1CD0       5C         0
                text15                             1FD2     1FD2       1E         0
                text14                             1F5E     1F5E       28         0
                text13                             1A08     1A08       8E         0
                text12                             1E5C     1E5C       3C         0
                text11                             1B20     1B20       82         0
                text10                             1BA2     1BA2       66         0
                text9                              1A96     1A96       8A         0
                text8                              1E16     1E16       46         0
                text7                              1F86     1F86       26         0
                text6                              1650     1650      160         0
                text5                              209A     209A        2         0
                text4                              1894     1894       CA         0
                text3                              17B0     17B0       E4         0
                text2                              1D82     1D82       4C         0
                text1                              1DCE     1DCE       48         0
                text0                              195E     195E       AA         0
                cinit                              1F32     1F32       2C         0

        CLASS   CONST          

        CLASS   SMALLCONST     
                smallconst                         1600     1600       50         0

        CLASS   MEDIUMCONST    

        CLASS   COMRAM         
                cstackCOMRAM                        501      501       32         1
                bssCOMRAM                           533      533       23         1
                nvCOMRAM                            556      556        2         1

        CLASS   ABS1           

        CLASS   BIGRAM         

        CLASS   RAM            

        CLASS   BANK5          
                bssBANK5                            560      560       20         1

        CLASS   BANK6          

        CLASS   BANK7          

        CLASS   BANK8          

        CLASS   BANK9          

        CLASS   BANK10         

        CLASS   BANK11         

        CLASS   BANK12         

        CLASS   BANK13         

        CLASS   BANK14         

        CLASS   BANK15         

        CLASS   BANK16         

        CLASS   BANK17         

        CLASS   BANK18         

        CLASS   BANK19         

        CLASS   BANK20         

        CLASS   SFR            

        CLASS   BIGSFR         

        CLASS   CONFIG         
                config                           300000   300000        9         4

        CLASS   IDLOC          

        CLASS   EEDATA         

        CLASS   FARRAM         

        CLASS   HEAP           

        CLASS   STACK          



SEGMENTS        Name                           Load    Length   Top    Selector   Space  Class

                reset_vec                      000000  000004  000004         0       0  CODE    
                ivt0x8                         000008  000016  00001E         4       0  CODE    
                cstackCOMRAM                   000501  000057  000558       501       1  COMRAM  
                bssBANK5                       000560  000020  000580       560       1  BANK5   
                smallconst                     001600  000050  001650       B00       0  SMALLCON
                text6                          001650  000A52  0020A2       B28       0  CODE    


UNUSED ADDRESS RANGES

        Name                Unused          Largest block    Delta
        BANK10           000A00-000AFF              100
        BANK11           000B00-000BFF              100
        BANK12           000C00-000CFF              100
        BANK13           000D00-000DFF              100
        BANK14           000E00-000EFF              100
        BANK15           000F00-000FFF              100
        BANK16           001000-0010FF              100
        BANK17           001100-0011FF              100
        BANK18           001200-0012FF              100
        BANK19           001300-0013FF              100
        BANK20           001400-0014FF              100
        BANK5            000580-0005FF               80
        BANK6            000600-0006FF              100
        BANK7            000700-0007FF              100
        BANK8            000800-0008FF              100
        BANK9            000900-0009FF              100
        BIGRAM           000558-00055F                8
                         000580-0014FF              F80
        BIGSFR           000000-0004FF              500
                         001500-0015FF              100
        CODE             000004-000007                4
                         00001E-0015FF             15E2
                         0020A2-00FFFF             DF5E
        COMRAM           000558-00055F                8
        CONFIG           300009-300011                9
        CONST            000004-000007                4
                         00001E-0015FF             15E2
                         0020A2-00FFFF             DF5E
        EEDATA           380000-3801FF              200
        IDLOC            200000-20003F               40
        MEDIUMCONST      0020A2-00FFFF             DF5E
        RAM              000580-0014FF              100
        SFR              000000-0004FF              100
                         001500-0015FF              100
        SMALLCONST       0020A2-00FFFF              100

                                  Symbol Table

?_sprintf                                          cstackCOMRAM 00051B
?_vfprintf                                         cstackCOMRAM 000515
INT0_SetInterruptHandler@InterruptHandler          cstackCOMRAM 000503
INT1_SetInterruptHandler@InterruptHandler          cstackCOMRAM 000503
INT2_SetInterruptHandler@InterruptHandler          cstackCOMRAM 000503
IVTBASEH                                           (abs)        00045E
IVTBASEL                                           (abs)        00045D
IVTBASEU                                           (abs)        00045F
ReadData@i                                         cstackCOMRAM 000505
ReadData@j                                         cstackCOMRAM 000506
Timer0_OverflowCallbackRegister@CallbackHandler    cstackCOMRAM 000503
UART1_FramingErrorCallbackRegister@callbackHandler cstackCOMRAM 000503
UART1_OverrunErrorCallbackRegister@callbackHandler cstackCOMRAM 000503
UART1_ParityErrorCallbackRegister@callbackHandler  cstackCOMRAM 000503
_ACTCON                                            (abs)        0000AC
_ANSELA                                            (abs)        000400
_ANSELB                                            (abs)        000408
_ANSELC                                            (abs)        000410
_CLOCK_Initialize                                  text30       00205E
_CPU_Initialize                                    text29       001FAC
_DMA1PR                                            (abs)        0000B6
_DMA2PR                                            (abs)        0000B7
_DMA3PR                                            (abs)        0000B8
_DMA4PR                                            (abs)        0000B9
_INLVLA                                            (abs)        000404
_INLVLB                                            (abs)        00040C
_INLVLC                                            (abs)        000414
_INT0_DefaultInterruptHandler                      (abs)        000000
_INT0_InterruptHandler                             bssCOMRAM    000545
_INT0_SetInterruptHandler                          text28       002090
_INT1_DefaultInterruptHandler                      (abs)        000000
_INT1_InterruptHandler                             bssCOMRAM    000543
_INT1_SetInterruptHandler                          text27       002086
_INT2_DefaultInterruptHandler                      (abs)        000000
_INT2_InterruptHandler                             bssCOMRAM    000541
_INT2_SetInterruptHandler                          text26       00207C
_INTCON0bits                                       (abs)        0004D6
_INTERRUPT_Initialize                              text25       001ED0
_INTERRUPT_InterruptManager                        text31       001D2C
_IOCAF                                             (abs)        000407
_IOCAN                                             (abs)        000406
_IOCAP                                             (abs)        000405
_IOCBF                                             (abs)        00040F
_IOCBN                                             (abs)        00040E
_IOCBP                                             (abs)        00040D
_IOCCF                                             (abs)        000417
_IOCCN                                             (abs)        000416
_IOCCP                                             (abs)        000415
_ISRPR                                             (abs)        0000BF
_LATA                                              (abs)        0004BE
_LATB                                              (abs)        0004BF
_LATBbits                                          (abs)        0004BF
_LATC                                              (abs)        0004C0
_MAINPR                                            (abs)        0000BE
_ODCONA                                            (abs)        000402
_ODCONB                                            (abs)        00040A
_ODCONC                                            (abs)        000412
_OSCCON1                                           (abs)        0000AD
_OSCCON3                                           (abs)        0000AF
_OSCEN                                             (abs)        0000B3
_OSCFRQ                                            (abs)        0000B1
_OSCTUNE                                           (abs)        0000B0
_PIE0bits                                          (abs)        0004A8
_PIE3bits                                          (abs)        0004AB
_PIN_MANAGER_IOC                                   text35       0020A0
_PIN_MANAGER_Initialize                            text24       001C08
_PIR0bits                                          (abs)        0004B3
_PIR10bits                                         (abs)        0004BD
_PIR1bits                                          (abs)        0004B4
_PIR3bits                                          (abs)        0004B6
_PIR6bits                                          (abs)        0004B9
_PORTBbits                                         (abs)        0004CF
_PRLOCK                                            (abs)        0000B4
_PRODH                                             (abs)        0004F4
_PRODL                                             (abs)        0004F3
_RB4I2C                                            (abs)        000287
_RB6I2C                                            (abs)        000286
_RB6PPS                                            (abs)        00020F
_RB7                                               (abs)        00267F
_RC3                                               (abs)        002683
_RC4                                               (abs)        002684
_RC5                                               (abs)        002685
_RC6                                               (abs)        002686
_RC7                                               (abs)        002687
_ReadData                                          text9        001A96
_SCANPR                                            (abs)        0000B5
_SLRCONA                                           (abs)        000403
_SLRCONB                                           (abs)        00040B
_SLRCONC                                           (abs)        000413
_SYSTEM_Initialize                                 text17       002044
_T0CON0                                            (abs)        00031A
_T0CON0bits                                        (abs)        00031A
_T0CON1                                            (abs)        00031B
_TMR0H                                             (abs)        000319
_TMR0L                                             (abs)        000318
_TRISA                                             (abs)        0004C6
_TRISB                                             (abs)        0004C7
_TRISBbits                                         (abs)        0004C7
_TRISC                                             (abs)        0004C8
_Timer0                                            smallconst   001631
_Timer0_DefaultOverflowCallback                    text33       00209C
_Timer0_Initialize                                 text22       001F04
_Timer0_OverflowCallback                           nvCOMRAM     000556
_Timer0_OverflowCallbackRegister                   text23       002072
_Timer0_OverflowISR                                text32       001E98
_Timer0_PeriodCountSet                             (abs)        000000
_Timer0_Start                                      (abs)        000000
_Timer0_Stop                                       (abs)        000000
_U1BRGH                                            (abs)        0002AF
_U1BRGL                                            (abs)        0002AE
_U1CON0                                            (abs)        0002AB
_U1CON0bits                                        (abs)        0002AB
_U1CON1                                            (abs)        0002AC
_U1CON1bits                                        (abs)        0002AC
_U1CON2                                            (abs)        0002AD
_U1ERRIE                                           (abs)        0002B3
_U1ERRIR                                           (abs)        0002B2
_U1ERRIRbits                                       (abs)        0002B2
_U1FIFO                                            (abs)        0002B0
_U1FIFObits                                        (abs)        0002B0
_U1P1H                                             (abs)        0002A6
_U1P1L                                             (abs)        0002A5
_U1P2H                                             (abs)        0002A8
_U1P2L                                             (abs)        0002A7
_U1P3H                                             (abs)        0002AA
_U1P3L                                             (abs)        0002A9
_U1RXB                                             (abs)        0002A1
_U1RXCHK                                           (abs)        0002A2
_U1RXPPS                                           (abs)        000272
_U1TXB                                             (abs)        0002A3
_U1TXCHK                                           (abs)        0002A4
_U1UIR                                             (abs)        0002B1
_U1UIRbits                                         (abs)        0002B1
_UART1                                             smallconst   001601
_UART1_AutoBaudQuery                               (abs)        000000
_UART1_AutoBaudSet                                 (abs)        000000
_UART1_DefaultFramingErrorCallback                 (abs)        000000
_UART1_DefaultOverrunErrorCallback                 (abs)        000000
_UART1_DefaultParityErrorCallback                  (abs)        000000
_UART1_Deinitialize                                (abs)        000000
_UART1_ErrorGet                                    (abs)        000000
_UART1_FramingErrorCallbackRegister                text21       002028
_UART1_FramingErrorHandler                         bssCOMRAM    00053D
_UART1_Initialize                                  text18       001C6E
_UART1_IsRxReady                                   (abs)        000000
_UART1_IsTxDone                                    (abs)        000000
_UART1_IsTxReady                                   (abs)        000000
_UART1_OverrunErrorCallbackRegister                text20       00200C
_UART1_OverrunErrorHandler                         bssCOMRAM    00053B
_UART1_ParityErrorCallbackRegister                 text19       001FF0
_UART1_ParityErrorHandler                          bssCOMRAM    000539
_UART1_Read                                        (abs)        000000
_UART1_TransmitDisable                             (abs)        000000
_UART1_TransmitEnable                              (abs)        000000
_UART1_Write                                       (abs)        000000
_WPUA                                              (abs)        000401
_WPUB                                              (abs)        000409
_WPUC                                              (abs)        000411
__HRAM                                             (abs)        000000
__H__absolute__                                    __absolute__ 000000
__Habs1                                            abs1         000000
__Hbank10                                          bank10       000000
__Hbank11                                          bank11       000000
__Hbank12                                          bank12       000000
__Hbank13                                          bank13       000000
__Hbank14                                          bank14       000000
__Hbank15                                          bank15       000000
__Hbank16                                          bank16       000000
__Hbank17                                          bank17       000000
__Hbank18                                          bank18       000000
__Hbank19                                          bank19       000000
__Hbank20                                          bank20       000000
__Hbank5                                           bank5        000000
__Hbank6                                           bank6        000000
__Hbank7                                           bank7        000000
__Hbank8                                           bank8        000000
__Hbank9                                           bank9        000000
__Hbigbss                                          bigbss       000000
__Hbigdata                                         bigdata      000000
__Hbigram                                          bigram       000000
__Hbigsfr                                          bigsfr       000000
__Hbss                                             bss          000000
__HbssBANK5                                        bssBANK5     000000
__HbssCOMRAM                                       bssCOMRAM    000000
__Hcinit                                           cinit        000000
__Hclrtext                                         clrtext      000000
__Hcomram                                          comram       000000
__Hconfig                                          config       300009
__Hconst                                           const        000000
__HcstackCOMRAM                                    cstackCOMRAM 000000
__Hdata                                            data         000000
__Heeprom_data                                     eeprom_data  000000
__Hfarbss                                          farbss       000000
__Hfardata                                         fardata      000000
__Hheap                                            heap         000000
__Hibigdata                                        ibigdata     000000
__Hidata                                           idata        000000
__Hidloc                                           idloc        000000
__Hifardata                                        ifardata     000000
__Hinit                                            init         00001E
__Hintsave_regs                                    intsave_regs 000000
__Hirdata                                          irdata       000000
__Hivt0x8                                          ivt0x8       00001A
__Hmediumconst                                     mediumconst  000000
__HnvCOMRAM                                        nvCOMRAM     000000
__HnvFARRAM                                        nvFARRAM     000000
__Hnvbit                                           nvbit        000000
__Hnvrram                                          nvrram       000000
__Hparam                                           rparam       000000
__Hpowerup                                         powerup      000000
__Hram                                             ram          000000
__Hramtop                                          ramtop       001600
__Hrbit                                            rbit         000000
__Hrbss                                            rbss         000000
__Hrdata                                           rdata        000000
__Hreset_vec                                       reset_vec    000004
__Hrparam                                          rparam       000000
__Hsfr                                             sfr          000000
__Hsmallconst                                      smallconst   001650
__Hspace_0                                         (abs)        0020A2
__Hspace_1                                         (abs)        000580
__Hspace_2                                         (abs)        000000
__Hspace_4                                         (abs)        600009
__Hstack                                           stack        000000
__Hstruct                                          struct       000000
__Htemp                                            temp         000000
__Htext                                            text         000000
__Htext0                                           text0        000000
__Htext1                                           text1        000000
__Htext10                                          text10       000000
__Htext11                                          text11       000000
__Htext12                                          text12       000000
__Htext13                                          text13       000000
__Htext14                                          text14       000000
__Htext15                                          text15       000000
__Htext16                                          text16       000000
__Htext17                                          text17       000000
__Htext18                                          text18       000000
__Htext19                                          text19       000000
__Htext2                                           text2        000000
__Htext20                                          text20       000000
__Htext21                                          text21       000000
__Htext22                                          text22       000000
__Htext23                                          text23       000000
__Htext24                                          text24       000000
__Htext25                                          text25       000000
__Htext26                                          text26       000000
__Htext27                                          text27       000000
__Htext28                                          text28       000000
__Htext29                                          text29       000000
__Htext3                                           text3        000000
__Htext30                                          text30       000000
__Htext31                                          text31       000000
__Htext32                                          text32       000000
__Htext33                                          text33       000000
__Htext34                                          text34       000000
__Htext35                                          text35       000000
__Htext4                                           text4        000000
__Htext5                                           text5        000000
__Htext6                                           text6        000000
__Htext7                                           text7        000000
__Htext8                                           text8        000000
__Htext9                                           text9        000000
__LRAM                                             (abs)        000001
__L__absolute__                                    __absolute__ 000000
__Labs1                                            abs1         000000
__Lbank10                                          bank10       000000
__Lbank11                                          bank11       000000
__Lbank12                                          bank12       000000
__Lbank13                                          bank13       000000
__Lbank14                                          bank14       000000
__Lbank15                                          bank15       000000
__Lbank16                                          bank16       000000
__Lbank17                                          bank17       000000
__Lbank18                                          bank18       000000
__Lbank19                                          bank19       000000
__Lbank20                                          bank20       000000
__Lbank5                                           bank5        000000
__Lbank6                                           bank6        000000
__Lbank7                                           bank7        000000
__Lbank8                                           bank8        000000
__Lbank9                                           bank9        000000
__Lbigbss                                          bigbss       000000
__Lbigdata                                         bigdata      000000
__Lbigram                                          bigram       000000
__Lbigsfr                                          bigsfr       000000
__Lbss                                             bss          000000
__LbssBANK5                                        bssBANK5     000000
__LbssCOMRAM                                       bssCOMRAM    000000
__Lcinit                                           cinit        000000
__Lclrtext                                         clrtext      000000
__Lcomram                                          comram       000000
__Lconfig                                          config       000000
__Lconst                                           const        000000
__LcstackCOMRAM                                    cstackCOMRAM 000000
__Ldata                                            data         000000
__Leeprom_data                                     eeprom_data  000000
__Lfarbss                                          farbss       000000
__Lfardata                                         fardata      000000
__Lheap                                            heap         000000
__Libigdata                                        ibigdata     000000
__Lidata                                           idata        000000
__Lidloc                                           idloc        000000
__Lifardata                                        ifardata     000000
__Linit                                            init         00001A
__Lintsave_regs                                    intsave_regs 000000
__Lirdata                                          irdata       000000
__Livt0x8                                          ivt0x8       000008
__Lmediumconst                                     mediumconst  000000
__LnvCOMRAM                                        nvCOMRAM     000000
__LnvFARRAM                                        nvFARRAM     000000
__Lnvbit                                           nvbit        000000
__Lnvrram                                          nvrram       000000
__Lparam                                           rparam       000000
__Lpowerup                                         powerup      000000
__Lram                                             ram          000000
__Lramtop                                          ramtop       001600
__Lrbit                                            rbit         000000
__Lrbss                                            rbss         000000
__Lrdata                                           rdata        000000
__Lreset_vec                                       reset_vec    000000
__Lrparam                                          rparam       000000
__Lsfr                                             sfr          000000
__Lsmallconst                                      smallconst   001600
__Lspace_0                                         (abs)        000000
__Lspace_1                                         (abs)        000000
__Lspace_2                                         (abs)        000000
__Lspace_4                                         (abs)        000000
__Lstack                                           stack        000000
__Lstruct                                          struct       000000
__Ltemp                                            temp         000000
__Ltext                                            text         000000
__Ltext0                                           text0        000000
__Ltext1                                           text1        000000
__Ltext10                                          text10       000000
__Ltext11                                          text11       000000
__Ltext12                                          text12       000000
__Ltext13                                          text13       000000
__Ltext14                                          text14       000000
__Ltext15                                          text15       000000
__Ltext16                                          text16       000000
__Ltext17                                          text17       000000
__Ltext18                                          text18       000000
__Ltext19                                          text19       000000
__Ltext2                                           text2        000000
__Ltext20                                          text20       000000
__Ltext21                                          text21       000000
__Ltext22                                          text22       000000
__Ltext23                                          text23       000000
__Ltext24                                          text24       000000
__Ltext25                                          text25       000000
__Ltext26                                          text26       000000
__Ltext27                                          text27       000000
__Ltext28                                          text28       000000
__Ltext29                                          text29       000000
__Ltext3                                           text3        000000
__Ltext30                                          text30       000000
__Ltext31                                          text31       000000
__Ltext32                                          text32       000000
__Ltext33                                          text33       000000
__Ltext34                                          text34       000000
__Ltext35                                          text35       000000
__Ltext4                                           text4        000000
__Ltext5                                           text5        000000
__Ltext6                                           text6        000000
__Ltext7                                           text7        000000
__Ltext8                                           text8        000000
__Ltext9                                           text9        000000
__S0                                               (abs)        0020A2
__S1                                               (abs)        000580
__S4                                               (abs)        000000
__S5                                               (abs)        000000
___heap_hi                                         (abs)        000000
___heap_lo                                         (abs)        000000
___inthi_sp                                        stack        000000
___inthi_stack_hi                                  stack        000000
___inthi_stack_lo                                  stack        000000
___intlo_sp                                        stack        000000
___intlo_stack_hi                                  stack        000000
___intlo_stack_lo                                  stack        000000
___param_bank                                      (abs)        000000
___rparam_used                                     (abs)        000001
___sp                                              stack        000000
___stack_hi                                        stack        000000
___stack_lo                                        stack        000000
__accesstop                                        (abs)        000560
__activetblptr                                     (abs)        000003
__end_of_CLOCK_Initialize                          text30       002072
__end_of_CPU_Initialize                            text29       001FD2
__end_of_INT0_SetInterruptHandler                  text28       00209A
__end_of_INT1_SetInterruptHandler                  text27       002090
__end_of_INT2_SetInterruptHandler                  text26       002086
__end_of_INTERRUPT_Initialize                      text25       001F04
__end_of_INTERRUPT_InterruptManager                text31       001D82
__end_of_PIN_MANAGER_IOC                           text35       0020A2
__end_of_PIN_MANAGER_Initialize                    text24       001C6E
__end_of_ReadData                                  text9        001B20
__end_of_SYSTEM_Initialize                         text17       00205E
__end_of_Timer0                                    smallconst   00163D
__end_of_Timer0_DefaultOverflowCallback            text33       00209E
__end_of_Timer0_Initialize                         text22       001F32
__end_of_Timer0_OverflowCallbackRegister           text23       00207C
__end_of_Timer0_OverflowISR                        text32       001ED0
__end_of_UART1                                     smallconst   001631
__end_of_UART1_FramingErrorCallbackRegister        text21       002044
__end_of_UART1_Initialize                          text18       001CD0
__end_of_UART1_OverrunErrorCallbackRegister        text20       002028
__end_of_UART1_ParityErrorCallbackRegister         text19       00200C
__end_of__initialization                           cinit        001F58
__end_of_fputc                                     text4        00195E
__end_of_is_sensor_start_detected                  text8        001E5C
__end_of_lcd_clear                                 text14       001F86
__end_of_lcd_cmd                                   text15       001FF0
__end_of_lcd_init                                  text13       001A96
__end_of_lcd_print_char                            text12       001E98
__end_of_lcd_print_string                          text11       001BA2
__end_of_lcd_set_cursor                            text10       001C08
__end_of_ldc_set_data                              text16       001D2C
__end_of_main                                      text0        001A08
__end_of_myTimer0ISR                               text34       0020A0
__end_of_putch                                     text5        00209C
__end_of_send_start_signal                         text7        001FAC
__end_of_sensor_read                               text6        0017B0
__end_of_sprintf                                   text1        001E16
__end_of_vfpfcnvrt                                 text3        001894
__end_of_vfprintf                                  text2        001DCE
__initialization                                   cinit        001F32
__mediumconst                                      smallconst   001600
__pbssBANK5                                        bssBANK5     000560
__pbssCOMRAM                                       bssCOMRAM    000533
__pcinit                                           cinit        001F32
__pcstackCOMRAM                                    cstackCOMRAM 000501
__pivt0x8                                          ivt0x8       000008
__pnvCOMRAM                                        nvCOMRAM     000556
__psmallconst                                      smallconst   001600
__ptext0                                           text0        00195E
__ptext1                                           text1        001DCE
__ptext10                                          text10       001BA2
__ptext11                                          text11       001B20
__ptext12                                          text12       001E5C
__ptext13                                          text13       001A08
__ptext14                                          text14       001F5E
__ptext15                                          text15       001FD2
__ptext16                                          text16       001CD0
__ptext17                                          text17       002044
__ptext18                                          text18       001C6E
__ptext19                                          text19       001FF0
__ptext2                                           text2        001D82
__ptext20                                          text20       00200C
__ptext21                                          text21       002028
__ptext22                                          text22       001F04
__ptext23                                          text23       002072
__ptext24                                          text24       001C08
__ptext25                                          text25       001ED0
__ptext26                                          text26       00207C
__ptext27                                          text27       002086
__ptext28                                          text28       002090
__ptext29                                          text29       001FAC
__ptext3                                           text3        0017B0
__ptext30                                          text30       00205E
__ptext31                                          text31       001D2C
__ptext32                                          text32       001E98
__ptext33                                          text33       00209C
__ptext34                                          text34       00209E
__ptext35                                          text35       0020A0
__ptext4                                           text4        001894
__ptext5                                           text5        00209A
__ptext6                                           text6        001650
__ptext7                                           text7        001F86
__ptext8                                           text8        001E16
__ptext9                                           text9        001A96
__ramtop                                           ramtop       001600
__smallconst                                       smallconst   001600
_dht_11                                            bssCOMRAM    000548
_flags                                             bssCOMRAM    000547
_fputc                                             text4        001894
_is_sensor_start_detected                          text8        001E16
_lcd_clear                                         text14       001F5E
_lcd_cmd                                           text15       001FD2
_lcd_init                                          text13       001A08
_lcd_print_char                                    text12       001E5C
_lcd_print_string                                  text11       001B20
_lcd_set_cursor                                    text10       001BA2
_ldc_set_data                                      text16       001CD0
_main                                              text0        00195E
_myTimer0ISR                                       text34       00209E
_prec                                              bssCOMRAM    000535
_putch                                             text5        00209A
_send_start_signal                                 text7        001F86
_sensor_read                                       text6        001650
_sprintf                                           text1        001DCE
_timerTMR0ReloadVal16bit                           bssCOMRAM    000537
_uart1RxLastError                                  bssCOMRAM    00053F
_vfpfcnvrt                                         text3        0017B0
_vfprintf                                          text2        001D82
_width                                             bssCOMRAM    000533
end_of_initialization                              cinit        001F58
fputc@c                                            cstackCOMRAM 000503
fputc@fp                                           cstackCOMRAM 000505
intlevel0                                          text         000000
intlevel1                                          text         000000
intlevel2                                          text         000000
intlevel3                                          text         000000
is_sensor_start_detected@dht                       cstackCOMRAM 000503
isa$std                                            (abs)        000001
isa$xinst                                          (abs)        000000
ivt0x8_base                                        ivt0x8       000008
lcd_cmd@data                                       cstackCOMRAM 000505
lcd_print_char@data                                cstackCOMRAM 000505
lcd_print_string@a                                 cstackCOMRAM 000506
lcd_print_string@i                                 cstackCOMRAM 00050A
lcd_set_cursor@a                                   cstackCOMRAM 000507
lcd_set_cursor@b                                   cstackCOMRAM 000506
lcd_set_cursor@temp                                cstackCOMRAM 00050A
lcd_set_cursor@y                                   cstackCOMRAM 000509
lcd_set_cursor@z                                   cstackCOMRAM 000508
ldc_set_data@data                                  cstackCOMRAM 000503
main@str                                           cstackCOMRAM 00052F
sensor_read@dht                                    cstackCOMRAM 000507
sprintf@ap                                         cstackCOMRAM 000520
sprintf@f                                          cstackCOMRAM 000522
sprintf@fmt                                        cstackCOMRAM 00051D
sprintf@s                                          cstackCOMRAM 00051B
stackhi                                            (abs)        000000
stacklo                                            (abs)        000000
start                                              init         00001A
start_initialization                               cinit        001F32
vfpfcnvrt@ap                                       cstackCOMRAM 000510
vfpfcnvrt@c                                        cstackCOMRAM 000514
vfpfcnvrt@fmt                                      cstackCOMRAM 00050E
vfpfcnvrt@fp                                       cstackCOMRAM 00050C
vfprintf@ap                                        cstackCOMRAM 000518
vfprintf@cfmt                                      cstackCOMRAM 00051A
vfprintf@fmt                                       cstackCOMRAM 000517
vfprintf@fp                                        cstackCOMRAM 000515


MODULE INFORMATION

Module		Function		Class		Link	Load	Size
dht.c
		_is_sensor_start_detected		CODE           	1E16	0000	70
		_ReadData      		CODE           	1A96	0000	138
		_send_start_signal		CODE           	1F86	0000	38
		_sensor_read   		CODE           	1650	0000	352

dht.c estimated size: 598

C:\Program Files\Microchip\xc8\v3.00\pic\sources\c99\common\nf_fputc.c
		_fputc         		CODE           	1894	0000	202

C:\Program Files\Microchip\xc8\v3.00\pic\sources\c99\common\nf_fputc.c estimated size: 202

C:\Program Files\Microchip\xc8\v3.00\pic\sources\c99\common\nf_sprintf.c
		_sprintf       		CODE           	1DCE	0000	72

C:\Program Files\Microchip\xc8\v3.00\pic\sources\c99\common\nf_sprintf.c estimated size: 72

mcc_generated_files/system/src/interrupt.c
		_INT0_SetInterruptHandler		CODE           	2090	0000	10
		_INT1_SetInterruptHandler		CODE           	2086	0000	10
		_INT2_SetInterruptHandler		CODE           	207C	0000	10
		_INTERRUPT_Initialize		CODE           	1ED0	0000	52
		_INTERRUPT_InterruptManager		CODE           	1D2C	0000	86

mcc_generated_files/system/src/interrupt.c estimated size: 168

mcc_generated_files/uart/src/uart1.c
		_UART1_FramingErrorCallbackRegister		CODE           	2028	0000	28
		_UART1_OverrunErrorCallbackRegister		CODE           	200C	0000	28
		_UART1_Initialize		CODE           	1C6E	0000	98
		_UART1_ParityErrorCallbackRegister		CODE           	1FF0	0000	28

mcc_generated_files/uart/src/uart1.c estimated size: 182

C:\Program Files\Microchip\xc8\v3.00\pic\sources\c99\common\putch.c
		_putch         		CODE           	209A	0000	2

C:\Program Files\Microchip\xc8\v3.00\pic\sources\c99\common\putch.c estimated size: 2

mcc_generated_files/system/src/pins.c
		_PIN_MANAGER_Initialize		CODE           	1C08	0000	102
		_PIN_MANAGER_IOC		CODE           	20A0	0000	2

mcc_generated_files/system/src/pins.c estimated size: 104

shared
		__initialization		CODE           	1F32	0000	38
		_UART1         		SMALLCONST     	1601	0000	48
		_Timer0        		SMALLCONST     	1631	0000	12

shared estimated size: 98

lcd.c
		_lcd_cmd       		CODE           	1FD2	0000	30
		_ldc_set_data  		CODE           	1CD0	0000	92
		_lcd_set_cursor		CODE           	1BA2	0000	102
		_lcd_clear     		CODE           	1F5E	0000	40
		_lcd_print_string		CODE           	1B20	0000	130
		_lcd_print_char		CODE           	1E5C	0000	60
		_lcd_init      		CODE           	1A08	0000	142

lcd.c estimated size: 596

mcc_generated_files/system/src/clock.c
		_CLOCK_Initialize		CODE           	205E	0000	20

mcc_generated_files/system/src/clock.c estimated size: 20

mcc_generated_files/timer/src/tmr0.c
		_Timer0_Initialize		CODE           	1F04	0000	46
		_Timer0_OverflowCallbackRegister		CODE           	2072	0000	10
		_Timer0_OverflowISR		CODE           	1E98	0000	56
		_Timer0_DefaultOverflowCallback		CODE           	209C	0000	2

mcc_generated_files/timer/src/tmr0.c estimated size: 114

main.c
		_main          		CODE           	195E	0000	170
		_myTimer0ISR   		CODE           	209E	0000	2

main.c estimated size: 172

C:\Program Files\Microchip\xc8\v3.00\pic\sources\c99\common\doprnt.c
		_vfpfcnvrt     		CODE           	17B0	0000	228
		_vfprintf      		CODE           	1D82	0000	76

C:\Program Files\Microchip\xc8\v3.00\pic\sources\c99\common\doprnt.c estimated size: 304

mcc_generated_files/system/src/system.c
		_CPU_Initialize		CODE           	1FAC	0000	38
		_SYSTEM_Initialize		CODE           	2044	0000	26

mcc_generated_files/system/src/system.c estimated size: 64

