Microchip MPLAB XC8 Compiler V3.00

Linker command line:

-W-3 \
  --edf=C:\Program Files\Microchip\xc8\v3.00\pic\dat\20241204225717_en.msgs \
  -pivt0x8=08h -cn -h+dist/default/production\HydroGuard.production.sym \
  --cmf=dist/default/production\HydroGuard.production.cmf -z -Q18F16Q41 \
  -oC:\Users\Jules\AppData\Local\Temp\xcAsd2k.\driver_tmp_3.o \
  --defsym=__MPLAB_BUILD=1 --fixupoverflow=error \
  -Mdist/default/production/HydroGuard.production.map \
  --md=C:\Users\Jules\AppData\Local\Temp\xcAsd2k.\driver_tmp_0.dat -E1 \
  -ver=XC8 Compiler -ACODE=00h-0FFFFh -ACONST=00h-0FFFFh \
  -ASMALLCONST=01600h-016FFhx234 -AMEDIUMCONST=01600h-0FFFFh \
  -ACOMRAM=0501h-055Fh -AABS1=0500h-014FFh -ABIGRAM=0501h-014FFh \
  -ARAM=0560h-05FFh,0600h-06FFhx15 -ABANK5=0560h-05FFh -ABANK6=0600h-06FFh \
  -ABANK7=0700h-07FFh -ABANK8=0800h-08FFh -ABANK9=0900h-09FFh \
  -ABANK10=0A00h-0AFFh -ABANK11=0B00h-0BFFh -ABANK12=0C00h-0CFFh \
  -ABANK13=0D00h-0DFFh -ABANK14=0E00h-0EFFh -ABANK15=0F00h-0FFFh \
  -ABANK16=01000h-010FFh -ABANK17=01100h-011FFh -ABANK18=01200h-012FFh \
  -ABANK19=01300h-013FFh -ABANK20=01400h-014FFh \
  -ASFR=00h-0FFhx4,0400h-045Fh,0460h-04FFh,01500h-015FFh \
  -ABIGSFR=00h-04FFh,01500h-015FFh -ACONFIG=0300000h-0300011h \
  -AIDLOC=0200000h-020003Fh -AEEDATA=0380000h-03801FFh -peeprom_data=EEDATA \
  -preset_vec=00h -ppowerup=CODE,init -pramtop=01600h \
  -psmallconst=SMALLCONST -pmediumconst=MEDIUMCONST -pconst=CONST \
  -AFARRAM=00h-00h \
  -prdata=COMRAM,nvrram=COMRAM,nvbit=COMRAM,rbss=COMRAM,rbit=COMRAM \
  -pfarbss=FARRAM,fardata=FARRAM,nvFARRAM=FARRAM \
  -pintsave_regs=BIGRAM,bigbss=BIGRAM,bigdata=BIGRAM -pbss=RAM \
  -pidata=CODE,irdata=CODE,ibigdata=CODE,ifardata=CODE -prparam=COMRAM \
  C:\Users\Jules\AppData\Local\Temp\xcAsd2k.\driver_tmp_14.o \
  dist/default/production\HydroGuard.production.o 

Object code version is 3.11

Machine type is 18F16Q41



                Name                               Link     Load   Length Selector   Space Scale
C:\Users\Jules\AppData\Local\Temp\xcAsd2k.\driver_tmp_14.o
                idloc                            200000   200000       40        0       5
                config                           300000   300000        9        0       4
                init                                 1A       1A        4        4       0
                reset_vec                             0        0        4        0       0
dist/default/production\HydroGuard.production.o
                idloc                            200000   200000       40        0       5
                config                           300000   300000        9        0       4
                mediumconst                        FAEA     FAEA      516     7D75       0
                ivt0x8                                8        8       12        4       0
                text60                             18FC     18FC        2        4       0
                text59                             18FA     18FA        2        4       0
                text58                             18F8     18F8        2        4       0
                text57                             163E     163E       3A        4       0
                text56                             18F6     18F6        2        4       0
                text55                             18F4     18F4        2        4       0
                text54                              A5A      A5A       E8        4       0
                text53                             1678     1678       36        4       0
                text52                              B42      B42       CE        4       0
                text51                             1744     1744       2E        4       0
                text50                             18B0     18B0       14        4       0
                text49                             1886     1886       16        4       0
                text48                             18EC     18EC        6        4       0
                text47                              50C      50C      16A        4       0
                text46                             1870     1870       16        4       0
                text45                             1154     1154       6E        4       0
                text44                             14CE     14CE       42        4       0
                text43                             1604     1604       3A        4       0
                text42                             1440     1440       4A        4       0
                text41                             134E     134E       54        4       0
                text40                             17C0     17C0       20        4       0
                text39                              880      880       F0        4       0
                text38                             1550     1550       3E        4       0
                text37                             189C     189C       14        4       0
                text36                             179A     179A       26        4       0
                text35                             18E2     18E2        A        4       0
                text34                             18D8     18D8        A        4       0
                text33                             18CE     18CE        A        4       0
                text32                             16E2     16E2       34        4       0
                text31                             1228     1228       66        4       0
                text30                             18C4     18C4        A        4       0
                text29                             1716     1716       2E        4       0
                text28                             1854     1854       1C        4       0
                text27                             1838     1838       1C        4       0
                text26                             181C     181C       1C        4       0
                text25                             1056     1056       8A        4       0
                text24                             17FE     17FE       1E        4       0
                text23                             12F2     12F2       5C        4       0
                text22                             17E0     17E0       1E        4       0
                text21                             1772     1772       28        4       0
                text20                              F12      F12       A6        4       0
                text19                             158E     158E       3C        4       0
                text18                             1510     1510       40        4       0
                text17                             11C2     11C2       66        4       0
                text16                              DA2      DA2       C2        4       0
                text15                              E64      E64       AE        4       0
                text14                             16AE     16AE       34        4       0
                text13                             18F2     18F2        2        4       0
                text12                              C10      C10       CA        4       0
                text11                             148A     148A       44        4       0
                text10                              FB8      FB8       9E        4       0
                text9                               396      396      176        4       0
                text8                               CDA      CDA       C8        4       0
                text7                              10E0     10E0       74        4       0
                text6                              128E     128E       64        4       0
                text5                               970      970       EA        4       0
                text4                               77C      77C      104        4       0
                text3                                1E       1E      378        4       0
                text2                              13A2     13A2       50        4       0
                text1                              13F2     13F2       4E        4       0
                text0                               676      676      106        4       0
                cstackCOMRAM                        501      501       51      501       1
                cstackBANK5                         5CB      5CB       27      560       1
                bssBANK6                            600      600       20      600       1
                bssBANK5                            560      560       6B      560       1
                bssCOMRAM                           552      552        9      501       1
                bitbssCOMRAM                       2AD8      55B        1      501       1     8
                cinit                              15CA     15CA       3A        4       0
                nvBANK5                             5F2      5F2        6      560       1

TOTAL           Name                               Link     Load   Length     Space
        CLASS   CODE           
                init                                 1A       1A        4         0
                reset_vec                             0        0        4         0
                ivt0x8                                8        8       12         0
                text60                             18FC     18FC        2         0
                text59                             18FA     18FA        2         0
                text58                             18F8     18F8        2         0
                text57                             163E     163E       3A         0
                text56                             18F6     18F6        2         0
                text55                             18F4     18F4        2         0
                text54                              A5A      A5A       E8         0
                text53                             1678     1678       36         0
                text52                              B42      B42       CE         0
                text51                             1744     1744       2E         0
                text50                             18B0     18B0       14         0
                text49                             1886     1886       16         0
                text48                             18EC     18EC        6         0
                text47                              50C      50C      16A         0
                text46                             1870     1870       16         0
                text45                             1154     1154       6E         0
                text44                             14CE     14CE       42         0
                text43                             1604     1604       3A         0
                text42                             1440     1440       4A         0
                text41                             134E     134E       54         0
                text40                             17C0     17C0       20         0
                text39                              880      880       F0         0
                text38                             1550     1550       3E         0
                text37                             189C     189C       14         0
                text36                             179A     179A       26         0
                text35                             18E2     18E2        A         0
                text34                             18D8     18D8        A         0
                text33                             18CE     18CE        A         0
                text32                             16E2     16E2       34         0
                text31                             1228     1228       66         0
                text30                             18C4     18C4        A         0
                text29                             1716     1716       2E         0
                text28                             1854     1854       1C         0
                text27                             1838     1838       1C         0
                text26                             181C     181C       1C         0
                text25                             1056     1056       8A         0
                text24                             17FE     17FE       1E         0
                text23                             12F2     12F2       5C         0
                text22                             17E0     17E0       1E         0
                text21                             1772     1772       28         0
                text20                              F12      F12       A6         0
                text19                             158E     158E       3C         0
                text18                             1510     1510       40         0
                text17                             11C2     11C2       66         0
                text16                              DA2      DA2       C2         0
                text15                              E64      E64       AE         0
                text14                             16AE     16AE       34         0
                text13                             18F2     18F2        2         0
                text12                              C10      C10       CA         0
                text11                             148A     148A       44         0
                text10                              FB8      FB8       9E         0
                text9                               396      396      176         0
                text8                               CDA      CDA       C8         0
                text7                              10E0     10E0       74         0
                text6                              128E     128E       64         0
                text5                               970      970       EA         0
                text4                               77C      77C      104         0
                text3                                1E       1E      378         0
                text2                              13A2     13A2       50         0
                text1                              13F2     13F2       4E         0
                text0                               676      676      106         0
                cinit                              15CA     15CA       3A         0

        CLASS   CONST          

        CLASS   SMALLCONST     

        CLASS   MEDIUMCONST    
                mediumconst                        FAEA     FAEA      516         0

        CLASS   COMRAM         
                cstackCOMRAM                        501      501       51         1
                bssCOMRAM                           552      552        9         1
                bitbssCOMRAM                       2AD8      55B        1         1

        CLASS   ABS1           

        CLASS   BIGRAM         

        CLASS   RAM            

        CLASS   BANK5          
                cstackBANK5                         5CB      5CB       27         1
                bssBANK5                            560      560       6B         1
                nvBANK5                             5F2      5F2        6         1

        CLASS   BANK6          
                bssBANK6                            600      600       20         1

        CLASS   BANK7          

        CLASS   BANK8          

        CLASS   BANK9          

        CLASS   BANK10         

        CLASS   BANK11         

        CLASS   BANK12         

        CLASS   BANK13         

        CLASS   BANK14         

        CLASS   BANK15         

        CLASS   BANK16         

        CLASS   BANK17         

        CLASS   BANK18         

        CLASS   BANK19         

        CLASS   BANK20         

        CLASS   SFR            

        CLASS   BIGSFR         

        CLASS   CONFIG         
                config                           300000   300000        9         4

        CLASS   IDLOC          
                idloc                            200000   200000       40         5

        CLASS   EEDATA         

        CLASS   FARRAM         

        CLASS   HEAP           

        CLASS   STACK          



SEGMENTS        Name                           Load    Length   Top    Selector   Space  Class

                reset_vec                      000000  000004  000004         0       0  CODE    
                ivt0x8                         000008  0018F6  0018FE         4       0  CODE    
                cstackCOMRAM                   000501  00005B  00055C       501       1  COMRAM  
                bssBANK5                       000560  000098  0005F8       560       1  BANK5   
                bssBANK6                       000600  000020  000620       600       1  BANK6   
                mediumconst                    00FAEA  000516  010000      7D75       0  MEDIUMCO


UNUSED ADDRESS RANGES

        Name                Unused          Largest block    Delta
        BANK10           000A00-000AFF              100
        BANK11           000B00-000BFF              100
        BANK12           000C00-000CFF              100
        BANK13           000D00-000DFF              100
        BANK14           000E00-000EFF              100
        BANK15           000F00-000FFF              100
        BANK16           001000-0010FF              100
        BANK17           001100-0011FF              100
        BANK18           001200-0012FF              100
        BANK19           001300-0013FF              100
        BANK20           001400-0014FF              100
        BANK5            0005F8-0005FF                8
        BANK6            000620-0006FF               E0
        BANK7            000700-0007FF              100
        BANK8            000800-0008FF              100
        BANK9            000900-0009FF              100
        BIGRAM           00055C-00055F                4
                         0005F8-0005FF                8
                         000620-0014FF              EE0
        BIGSFR           000000-0004FF              500
                         001500-0015FF              100
        CODE             000004-000007                4
                         0018FE-00FAE9             E1EC
        COMRAM           00055C-00055F                4
        CONFIG           300009-300011                9
        CONST            000004-000007                4
                         0018FE-00FAE9             E1EC
        EEDATA           380000-3801FF              200
        MEDIUMCONST      0018FE-00FAE9             E1EC
        RAM              0005F8-0005FF                8
                         000620-0014FF              100
        SFR              000000-0004FF              100
                         001500-0015FF              100
        SMALLCONST       0018FE-00FAE9              100

                                  Symbol Table

?_ADCC_GetSingleConversion                         cstackCOMRAM 000505
?___awdiv                                          cstackCOMRAM 000505
?___awmod                                          cstackCOMRAM 000505
?___lwdiv                                          cstackCOMRAM 000505
?___lwmod                                          cstackCOMRAM 000505
?_abs                                              cstackCOMRAM 00050B
?_read_prec_or_width                               cstackCOMRAM 000505
?_sprintf                                          cstackBANK5  0005CB
?_vfprintf                                         cstackCOMRAM 00053B
ADCC_GetSingleConversion@channel                   cstackCOMRAM 000509
ESP8266_CheckCommunication@response                cstackCOMRAM 000518
ESP8266_EnableMultipleConnections@enable           cstackCOMRAM 000518
ESP8266_Initialize@mode                            cstackCOMRAM 00051E
ESP8266_Initialize@response                        cstackCOMRAM 00051F
ESP8266_SetWifiMode@mode                           cstackCOMRAM 00051C
INT0_SetInterruptHandler@InterruptHandler          cstackCOMRAM 000505
INT1_SetInterruptHandler@InterruptHandler          cstackCOMRAM 000505
INT2_SetInterruptHandler@InterruptHandler          cstackCOMRAM 000505
IVTBASEH                                           (abs)        00045E
IVTBASEL                                           (abs)        00045D
IVTBASEU                                           (abs)        00045F
Timer0_OverflowCallbackRegister@CallbackHandler    cstackCOMRAM 000505
UART1_FramingErrorCallbackRegister@callbackHandler cstackCOMRAM 000505
UART1_OverrunErrorCallbackRegister@callbackHandler cstackCOMRAM 000505
UART1_ParityErrorCallbackRegister@callbackHandler  cstackCOMRAM 000505
UART1_ReceiveISR@regValue                          cstackCOMRAM 000501
UART1_ReceiveISR@tempRxHead                        cstackCOMRAM 000502
UART1_TransmitISR@tempTxTail                       cstackCOMRAM 000501
_ACTCON                                            (abs)        0000AC
_ADACCH                                            (abs)        0003E4
_ADACCL                                            (abs)        0003E3
_ADACCU                                            (abs)        0003E5
_ADACQH                                            (abs)        0003EF
_ADACQL                                            (abs)        0003EE
_ADACT                                             (abs)        0003F9
_ADCAP                                             (abs)        0003F0
_ADCC_GetSingleConversion                          text51       001744
_ADCC_Initialize                                   text38       001550
_ADCLK                                             (abs)        0003FA
_ADCNT                                             (abs)        0003E6
_ADCON0                                            (abs)        0003F3
_ADCON0bits                                        (abs)        0003F3
_ADCON1                                            (abs)        0003F4
_ADCON1bits                                        (abs)        0003F4
_ADCON2                                            (abs)        0003F5
_ADCON2bits                                        (abs)        0003F5
_ADCON3                                            (abs)        0003F6
_ADCON3bits                                        (abs)        0003F6
_ADERRH                                            (abs)        0003DE
_ADERRL                                            (abs)        0003DD
_ADFLTRH                                           (abs)        0003E2
_ADFLTRL                                           (abs)        0003E1
_ADLTHH                                            (abs)        0003DA
_ADLTHL                                            (abs)        0003D9
_ADPCH                                             (abs)        0003EC
_ADPREH                                            (abs)        0003F2
_ADPREL                                            (abs)        0003F1
_ADPREVH                                           (abs)        0003E9
_ADPREVL                                           (abs)        0003E8
_ADREF                                             (abs)        0003F8
_ADRESH                                            (abs)        0003EB
_ADRESL                                            (abs)        0003EA
_ADRPT                                             (abs)        0003E7
_ADSTAT                                            (abs)        0003F7
_ADSTATbits                                        (abs)        0003F7
_ADSTPTH                                           (abs)        0003E0
_ADSTPTL                                           (abs)        0003DF
_ADUTHH                                            (abs)        0003DC
_ADUTHL                                            (abs)        0003DB
_ANSELA                                            (abs)        000400
_ANSELB                                            (abs)        000408
_ANSELC                                            (abs)        000410
_AT_command                                        mediumconst  00FAEB
_CLOCK_Initialize                                  text37       00189C
_CPU_Initialize                                    text36       00179A
_CWMODE_param                                      mediumconst  00FBB1
_DMA1PR                                            (abs)        0000B6
_DMA2PR                                            (abs)        0000B7
_DMA3PR                                            (abs)        0000B8
_DMA4PR                                            (abs)        0000B9
_ENDL                                              mediumconst  00FBB7
_ESP8266_CheckCommunication                        text43       001604
_ESP8266_EnableMultipleConnections                 text42       001440
_ESP8266_EnableMultipleConnections$2625            cstackCOMRAM 000519
_ESP8266_Initialize                                text39       000880
_ESP8266_SetWifiMode                               text41       00134E
_INLVLA                                            (abs)        000404
_INLVLB                                            (abs)        00040C
_INLVLC                                            (abs)        000414
_INT0_DefaultInterruptHandler                      (abs)        000000
_INT0_InterruptHandler                             bssBANK5     0005A4
_INT0_SetInterruptHandler                          text35       0018E2
_INT1_DefaultInterruptHandler                      (abs)        000000
_INT1_InterruptHandler                             bssBANK5     0005A2
_INT1_SetInterruptHandler                          text34       0018D8
_INT2_DefaultInterruptHandler                      (abs)        000000
_INT2_InterruptHandler                             bssBANK5     0005A0
_INT2_SetInterruptHandler                          text33       0018CE
_INTCON0bits                                       (abs)        0004D6
_INTERRUPT_Initialize                              text32       0016E2
_INTERRUPT_InterruptManager                        text52       000B42
_IOCAF                                             (abs)        000407
_IOCAN                                             (abs)        000406
_IOCAP                                             (abs)        000405
_IOCBF                                             (abs)        00040F
_IOCBN                                             (abs)        00040E
_IOCBP                                             (abs)        00040D
_IOCCF                                             (abs)        000417
_IOCCN                                             (abs)        000416
_IOCCP                                             (abs)        000415
_ISRPR                                             (abs)        0000BF
_LATA                                              (abs)        0004BE
_LATB                                              (abs)        0004BF
_LATBbits                                          (abs)        0004BF
_LATC                                              (abs)        0004C0
_MAINPR                                            (abs)        0000BE
_ODCONA                                            (abs)        000402
_ODCONB                                            (abs)        00040A
_ODCONC                                            (abs)        000412
_OSCCON1                                           (abs)        0000AD
_OSCCON3                                           (abs)        0000AF
_OSCEN                                             (abs)        0000B3
_OSCFRQ                                            (abs)        0000B1
_OSCTUNE                                           (abs)        0000B0
_PIE0bits                                          (abs)        0004A8
_PIE3bits                                          (abs)        0004AB
_PIE4bits                                          (abs)        0004AC
_PIN_MANAGER_IOC                                   text60       0018FC
_PIN_MANAGER_Initialize                            text31       001228
_PIR0bits                                          (abs)        0004B3
_PIR10bits                                         (abs)        0004BD
_PIR1bits                                          (abs)        0004B4
_PIR2bits                                          (abs)        0004B5
_PIR3bits                                          (abs)        0004B6
_PIR4bits                                          (abs)        0004B7
_PIR6bits                                          (abs)        0004B9
_PORTBbits                                         (abs)        0004CF
_PRLOCK                                            (abs)        0000B4
_PRODH                                             (abs)        0004F4
_PRODL                                             (abs)        0004F3
_RB4I2C                                            (abs)        000287
_RB6I2C                                            (abs)        000286
_RB6PPS                                            (abs)        00020F
_RB7                                               (abs)        00267F
_RC3                                               (abs)        002683
_RC4                                               (abs)        002684
_RC5                                               (abs)        002685
_RC6                                               (abs)        002686
_RC7                                               (abs)        002687
_RESPONSE                                          mediumconst  00FB93
_SCANPR                                            (abs)        0000B5
_SLRCONA                                           (abs)        000403
_SLRCONB                                           (abs)        00040B
_SLRCONC                                           (abs)        000413
_SYSTEM_Initialize                                 text24       0017FE
_T0CON0                                            (abs)        00031A
_T0CON0bits                                        (abs)        00031A
_T0CON1                                            (abs)        00031B
_TMR0H                                             (abs)        000319
_TMR0L                                             (abs)        000318
_TRISA                                             (abs)        0004C6
_TRISB                                             (abs)        0004C7
_TRISBbits                                         (abs)        0004C7
_TRISC                                             (abs)        0004C8
_Timer0                                            mediumconst  00FBA5
_Timer0_DefaultOverflowCallback                    text58       0018F8
_Timer0_Initialize                                 text29       001716
_Timer0_OverflowCallback                           nvBANK5      0005F2
_Timer0_OverflowCallbackRegister                   text30       0018C4
_Timer0_OverflowISR                                text57       00163E
_Timer0_PeriodCountSet                             (abs)        000000
_Timer0_Start                                      (abs)        000000
_Timer0_Stop                                       (abs)        000000
_U1BRGH                                            (abs)        0002AF
_U1BRGL                                            (abs)        0002AE
_U1CON0                                            (abs)        0002AB
_U1CON0bits                                        (abs)        0002AB
_U1CON1                                            (abs)        0002AC
_U1CON1bits                                        (abs)        0002AC
_U1CON2                                            (abs)        0002AD
_U1ERRIE                                           (abs)        0002B3
_U1ERRIR                                           (abs)        0002B2
_U1ERRIRbits                                       (abs)        0002B2
_U1FIFO                                            (abs)        0002B0
_U1P1H                                             (abs)        0002A6
_U1P1L                                             (abs)        0002A5
_U1P2H                                             (abs)        0002A8
_U1P2L                                             (abs)        0002A7
_U1P3H                                             (abs)        0002AA
_U1P3L                                             (abs)        0002A9
_U1RXB                                             (abs)        0002A1
_U1RXCHK                                           (abs)        0002A2
_U1RXPPS                                           (abs)        000272
_U1TXB                                             (abs)        0002A3
_U1TXCHK                                           (abs)        0002A4
_U1UIR                                             (abs)        0002B1
_U1UIRbits                                         (abs)        0002B1
_UART1                                             mediumconst  00FB63
_UART1_AutoBaudQuery                               (abs)        000000
_UART1_AutoBaudSet                                 (abs)        000000
_UART1_DefaultFramingErrorCallback                 text56       0018F6
_UART1_DefaultOverrunErrorCallback                 text55       0018F4
_UART1_DefaultParityErrorCallback                  (abs)        000000
_UART1_Deinitialize                                (abs)        000000
_UART1_ErrorGet                                    (abs)        000000
_UART1_FramingErrorCallbackRegister                text28       001854
_UART1_FramingErrorHandler                         bssBANK5     00059C
_UART1_Initialize                                  text25       001056
_UART1_IsRxReady                                   text49       001886
_UART1_IsTxDone                                    (abs)        000000
_UART1_IsTxReady                                   (abs)        000000
_UART1_OverrunErrorCallbackRegister                text27       001838
_UART1_OverrunErrorHandler                         bssBANK5     00059A
_UART1_ParityErrorCallbackRegister                 text26       00181C
_UART1_ParityErrorHandler                          bssBANK5     000598
_UART1_Read                                        (abs)        000000
_UART1_ReceiveISR                                  text54       000A5A
_UART1_RxCompleteCallbackRegister                  (abs)        000000
_UART1_RxCompleteInterruptHandler                  bssBANK5     000594
_UART1_RxInterruptHandler                          nvBANK5      0005F4
_UART1_TransmitDisable                             (abs)        000000
_UART1_TransmitEnable                              (abs)        000000
_UART1_TransmitISR                                 text53       001678
_UART1_TxCompleteCallbackRegister                  (abs)        000000
_UART1_TxCompleteInterruptHandler                  bssBANK5     000596
_UART1_TxInterruptHandler                          nvBANK5      0005F6
_UART1_Write                                       (abs)        000000
_WPUA                                              (abs)        000401
_WPUB                                              (abs)        000409
_WPUC                                              (abs)        000411
__HRAM                                             (abs)        000000
__H__absolute__                                    __absolute__ 000000
__Habs1                                            abs1         000000
__Hbank10                                          bank10       000000
__Hbank11                                          bank11       000000
__Hbank12                                          bank12       000000
__Hbank13                                          bank13       000000
__Hbank14                                          bank14       000000
__Hbank15                                          bank15       000000
__Hbank16                                          bank16       000000
__Hbank17                                          bank17       000000
__Hbank18                                          bank18       000000
__Hbank19                                          bank19       000000
__Hbank20                                          bank20       000000
__Hbank5                                           bank5        000000
__Hbank6                                           bank6        000000
__Hbank7                                           bank7        000000
__Hbank8                                           bank8        000000
__Hbank9                                           bank9        000000
__Hbigbss                                          bigbss       000000
__Hbigdata                                         bigdata      000000
__Hbigram                                          bigram       000000
__Hbigsfr                                          bigsfr       000000
__HbitbssCOMRAM                                    bitbssCOMRAM 000000
__Hbss                                             bss          000000
__HbssBANK5                                        bssBANK5     000000
__HbssBANK6                                        bssBANK6     000000
__HbssCOMRAM                                       bssCOMRAM    000000
__Hcinit                                           cinit        000000
__Hclrtext                                         clrtext      000000
__Hcomram                                          comram       000000
__Hconfig                                          config       300009
__Hconst                                           const        000000
__HcstackBANK5                                     cstackBANK5  000000
__HcstackCOMRAM                                    cstackCOMRAM 000000
__Hdata                                            data         000000
__Heeprom_data                                     eeprom_data  000000
__Hfarbss                                          farbss       000000
__Hfardata                                         fardata      000000
__Hheap                                            heap         000000
__Hibigdata                                        ibigdata     000000
__Hidata                                           idata        000000
__Hidloc                                           idloc        200040
__Hifardata                                        ifardata     000000
__Hinit                                            init         00001E
__Hintsave_regs                                    intsave_regs 000000
__Hirdata                                          irdata       000000
__Hivt0x8                                          ivt0x8       00001A
__Hmediumconst                                     mediumconst  010000
__HnvBANK5                                         nvBANK5      000000
__HnvFARRAM                                        nvFARRAM     000000
__Hnvbit                                           nvbit        000000
__Hnvrram                                          nvrram       000000
__Hparam                                           rparam       000000
__Hpowerup                                         powerup      000000
__Hram                                             ram          000000
__Hramtop                                          ramtop       001600
__Hrbit                                            rbit         000000
__Hrbss                                            rbss         000000
__Hrdata                                           rdata        000000
__Hreset_vec                                       reset_vec    000004
__Hrparam                                          rparam       000000
__Hsfr                                             sfr          000000
__Hsmallconst                                      smallconst   000000
__Hspace_0                                         (abs)        010000
__Hspace_1                                         (abs)        002AD9
__Hspace_2                                         (abs)        000000
__Hspace_4                                         (abs)        600009
__Hstack                                           stack        000000
__Hstruct                                          struct       000000
__Htemp                                            temp         000000
__Htext                                            text         000000
__Htext0                                           text0        000000
__Htext1                                           text1        000000
__Htext10                                          text10       000000
__Htext11                                          text11       000000
__Htext12                                          text12       000000
__Htext13                                          text13       000000
__Htext14                                          text14       000000
__Htext15                                          text15       000000
__Htext16                                          text16       000000
__Htext17                                          text17       000000
__Htext18                                          text18       000000
__Htext19                                          text19       000000
__Htext2                                           text2        000000
__Htext20                                          text20       000000
__Htext21                                          text21       000000
__Htext22                                          text22       000000
__Htext23                                          text23       000000
__Htext24                                          text24       000000
__Htext25                                          text25       000000
__Htext26                                          text26       000000
__Htext27                                          text27       000000
__Htext28                                          text28       000000
__Htext29                                          text29       000000
__Htext3                                           text3        000000
__Htext30                                          text30       000000
__Htext31                                          text31       000000
__Htext32                                          text32       000000
__Htext33                                          text33       000000
__Htext34                                          text34       000000
__Htext35                                          text35       000000
__Htext36                                          text36       000000
__Htext37                                          text37       000000
__Htext38                                          text38       000000
__Htext39                                          text39       000000
__Htext4                                           text4        000000
__Htext40                                          text40       000000
__Htext41                                          text41       000000
__Htext42                                          text42       000000
__Htext43                                          text43       000000
__Htext44                                          text44       000000
__Htext45                                          text45       000000
__Htext46                                          text46       000000
__Htext47                                          text47       000000
__Htext48                                          text48       000000
__Htext49                                          text49       000000
__Htext5                                           text5        000000
__Htext50                                          text50       000000
__Htext51                                          text51       000000
__Htext52                                          text52       000000
__Htext53                                          text53       000000
__Htext54                                          text54       000000
__Htext55                                          text55       000000
__Htext56                                          text56       000000
__Htext57                                          text57       000000
__Htext58                                          text58       000000
__Htext59                                          text59       000000
__Htext6                                           text6        000000
__Htext60                                          text60       000000
__Htext7                                           text7        000000
__Htext8                                           text8        000000
__Htext9                                           text9        000000
__LRAM                                             (abs)        000001
__L__absolute__                                    __absolute__ 000000
__Labs1                                            abs1         000000
__Lbank10                                          bank10       000000
__Lbank11                                          bank11       000000
__Lbank12                                          bank12       000000
__Lbank13                                          bank13       000000
__Lbank14                                          bank14       000000
__Lbank15                                          bank15       000000
__Lbank16                                          bank16       000000
__Lbank17                                          bank17       000000
__Lbank18                                          bank18       000000
__Lbank19                                          bank19       000000
__Lbank20                                          bank20       000000
__Lbank5                                           bank5        000000
__Lbank6                                           bank6        000000
__Lbank7                                           bank7        000000
__Lbank8                                           bank8        000000
__Lbank9                                           bank9        000000
__Lbigbss                                          bigbss       000000
__Lbigdata                                         bigdata      000000
__Lbigram                                          bigram       000000
__Lbigsfr                                          bigsfr       000000
__LbitbssCOMRAM                                    bitbssCOMRAM 000000
__Lbss                                             bss          000000
__LbssBANK5                                        bssBANK5     000000
__LbssBANK6                                        bssBANK6     000000
__LbssCOMRAM                                       bssCOMRAM    000000
__Lcinit                                           cinit        000000
__Lclrtext                                         clrtext      000000
__Lcomram                                          comram       000000
__Lconfig                                          config       000000
__Lconst                                           const        000000
__LcstackBANK5                                     cstackBANK5  000000
__LcstackCOMRAM                                    cstackCOMRAM 000000
__Ldata                                            data         000000
__Leeprom_data                                     eeprom_data  000000
__Lfarbss                                          farbss       000000
__Lfardata                                         fardata      000000
__Lheap                                            heap         000000
__Libigdata                                        ibigdata     000000
__Lidata                                           idata        000000
__Lidloc                                           idloc        000000
__Lifardata                                        ifardata     000000
__Linit                                            init         00001A
__Lintsave_regs                                    intsave_regs 000000
__Lirdata                                          irdata       000000
__Livt0x8                                          ivt0x8       000008
__Lmediumconst                                     mediumconst  00FAEA
__LnvBANK5                                         nvBANK5      000000
__LnvFARRAM                                        nvFARRAM     000000
__Lnvbit                                           nvbit        000000
__Lnvrram                                          nvrram       000000
__Lparam                                           rparam       000000
__Lpowerup                                         powerup      000000
__Lram                                             ram          000000
__Lramtop                                          ramtop       001600
__Lrbit                                            rbit         000000
__Lrbss                                            rbss         000000
__Lrdata                                           rdata        000000
__Lreset_vec                                       reset_vec    000000
__Lrparam                                          rparam       000000
__Lsfr                                             sfr          000000
__Lsmallconst                                      smallconst   000000
__Lspace_0                                         (abs)        000000
__Lspace_1                                         (abs)        000000
__Lspace_2                                         (abs)        000000
__Lspace_4                                         (abs)        000000
__Lstack                                           stack        000000
__Lstruct                                          struct       000000
__Ltemp                                            temp         000000
__Ltext                                            text         000000
__Ltext0                                           text0        000000
__Ltext1                                           text1        000000
__Ltext10                                          text10       000000
__Ltext11                                          text11       000000
__Ltext12                                          text12       000000
__Ltext13                                          text13       000000
__Ltext14                                          text14       000000
__Ltext15                                          text15       000000
__Ltext16                                          text16       000000
__Ltext17                                          text17       000000
__Ltext18                                          text18       000000
__Ltext19                                          text19       000000
__Ltext2                                           text2        000000
__Ltext20                                          text20       000000
__Ltext21                                          text21       000000
__Ltext22                                          text22       000000
__Ltext23                                          text23       000000
__Ltext24                                          text24       000000
__Ltext25                                          text25       000000
__Ltext26                                          text26       000000
__Ltext27                                          text27       000000
__Ltext28                                          text28       000000
__Ltext29                                          text29       000000
__Ltext3                                           text3        000000
__Ltext30                                          text30       000000
__Ltext31                                          text31       000000
__Ltext32                                          text32       000000
__Ltext33                                          text33       000000
__Ltext34                                          text34       000000
__Ltext35                                          text35       000000
__Ltext36                                          text36       000000
__Ltext37                                          text37       000000
__Ltext38                                          text38       000000
__Ltext39                                          text39       000000
__Ltext4                                           text4        000000
__Ltext40                                          text40       000000
__Ltext41                                          text41       000000
__Ltext42                                          text42       000000
__Ltext43                                          text43       000000
__Ltext44                                          text44       000000
__Ltext45                                          text45       000000
__Ltext46                                          text46       000000
__Ltext47                                          text47       000000
__Ltext48                                          text48       000000
__Ltext49                                          text49       000000
__Ltext5                                           text5        000000
__Ltext50                                          text50       000000
__Ltext51                                          text51       000000
__Ltext52                                          text52       000000
__Ltext53                                          text53       000000
__Ltext54                                          text54       000000
__Ltext55                                          text55       000000
__Ltext56                                          text56       000000
__Ltext57                                          text57       000000
__Ltext58                                          text58       000000
__Ltext59                                          text59       000000
__Ltext6                                           text6        000000
__Ltext60                                          text60       000000
__Ltext7                                           text7        000000
__Ltext8                                           text8        000000
__Ltext9                                           text9        000000
__S0                                               (abs)        010000
__S1                                               (abs)        000620
__S4                                               (abs)        000000
__S5                                               (abs)        000000
___awdiv                                           text16       000DA2
___awdiv@counter                                   cstackCOMRAM 000509
___awdiv@dividend                                  cstackCOMRAM 000505
___awdiv@divisor                                   cstackCOMRAM 000507
___awdiv@quotient                                  cstackCOMRAM 00050B
___awdiv@sign                                      cstackCOMRAM 00050A
___awmod                                           text15       000E64
___awmod@counter                                   cstackCOMRAM 000509
___awmod@dividend                                  cstackCOMRAM 000505
___awmod@divisor                                   cstackCOMRAM 000507
___awmod@sign                                      cstackCOMRAM 00050A
___heap_hi                                         (abs)        000000
___heap_lo                                         (abs)        000000
___inthi_sp                                        stack        000000
___inthi_stack_hi                                  stack        000000
___inthi_stack_lo                                  stack        000000
___intlo_sp                                        stack        000000
___intlo_stack_hi                                  stack        000000
___intlo_stack_lo                                  stack        000000
___lwdiv                                           text7        0010E0
___lwdiv@counter                                   cstackCOMRAM 000509
___lwdiv@dividend                                  cstackCOMRAM 000505
___lwdiv@divisor                                   cstackCOMRAM 000507
___lwdiv@quotient                                  cstackCOMRAM 00050A
___lwmod                                           text6        00128E
___lwmod@counter                                   cstackCOMRAM 000509
___lwmod@dividend                                  cstackCOMRAM 000505
___lwmod@divisor                                   cstackCOMRAM 000507
___param_bank                                      (abs)        000000
___rparam_used                                     (abs)        000001
___sp                                              stack        000000
___stack_hi                                        stack        000000
___stack_lo                                        stack        000000
__accesstop                                        (abs)        000560
__activetblptr                                     (abs)        000003
__end_of_ADCC_GetSingleConversion                  text51       001772
__end_of_ADCC_Initialize                           text38       00158E
__end_of_AT_command                                mediumconst  00FB63
__end_of_CLOCK_Initialize                          text37       0018B0
__end_of_CPU_Initialize                            text36       0017C0
__end_of_CWMODE_param                              mediumconst  00FBB7
__end_of_ENDL                                      mediumconst  00FBBA
__end_of_ESP8266_CheckCommunication                text43       00163E
__end_of_ESP8266_EnableMultipleConnections         text42       00148A
__end_of_ESP8266_Initialize                        text39       000970
__end_of_ESP8266_SetWifiMode                       text41       0013A2
__end_of_INT0_SetInterruptHandler                  text35       0018EC
__end_of_INT1_SetInterruptHandler                  text34       0018E2
__end_of_INT2_SetInterruptHandler                  text33       0018D8
__end_of_INTERRUPT_Initialize                      text32       001716
__end_of_INTERRUPT_InterruptManager                text52       000C10
__end_of_PIN_MANAGER_IOC                           text60       0018FE
__end_of_PIN_MANAGER_Initialize                    text31       00128E
__end_of_RESPONSE                                  mediumconst  00FBA5
__end_of_SYSTEM_Initialize                         text24       00181C
__end_of_Timer0                                    mediumconst  00FBB1
__end_of_Timer0_DefaultOverflowCallback            text58       0018FA
__end_of_Timer0_Initialize                         text29       001744
__end_of_Timer0_OverflowCallbackRegister           text30       0018CE
__end_of_Timer0_OverflowISR                        text57       001678
__end_of_UART1                                     mediumconst  00FB93
__end_of_UART1_DefaultFramingErrorCallback         text56       0018F8
__end_of_UART1_DefaultOverrunErrorCallback         text55       0018F6
__end_of_UART1_FramingErrorCallbackRegister        text28       001870
__end_of_UART1_Initialize                          text25       0010E0
__end_of_UART1_IsRxReady                           text49       00189C
__end_of_UART1_OverrunErrorCallbackRegister        text27       001854
__end_of_UART1_ParityErrorCallbackRegister         text26       001838
__end_of_UART1_ReceiveISR                          text54       000B42
__end_of_UART1_TransmitISR                         text53       0016AE
__end_of___awdiv                                   text16       000E64
__end_of___awmod                                   text15       000F12
__end_of___lwdiv                                   text7        001154
__end_of___lwmod                                   text6        0012F2
__end_of__initialization                           cinit        0015FE
__end_of_abs                                       text14       0016E2
__end_of_clearBuffer                               text40       0017E0
__end_of_dtoa                                      text9        00050C
__end_of_esp8266_getchar                           text50       0018C4
__end_of_esp8266_putchar                           text46       001886
__end_of_esp8266_puts                              text45       0011C2
__end_of_esp8266_readResponse                      text47       000676
__end_of_esp8266_ready2read                        text48       0018F2
__end_of_esp8266_sendCommand                       text44       001510
__end_of_fputc                                     text12       000CDA
__end_of_fputs                                     text11       0014CE
__end_of_lcd_clear                                 text21       00179A
__end_of_lcd_cmd                                   text22       0017FE
__end_of_lcd_init                                  text20       000FB8
__end_of_lcd_print_char                            text19       0015CA
__end_of_lcd_print_string                          text18       001550
__end_of_lcd_set_cursor                            text17       001228
__end_of_ldc_set_data                              text23       00134E
__end_of_main                                      text0        00077C
__end_of_myTimer0ISR                               text59       0018FC
__end_of_pad                                       text10       001056
__end_of_putch                                     text13       0018F4
__end_of_read_prec_or_width                        text8        000DA2
__end_of_sprintf                                   text1        001440
__end_of_utoa                                      text5        000A5A
__end_of_vfpfcnvrt                                 text3        000396
__end_of_vfprintf                                  text2        0013F2
__end_of_xtoa                                      text4        000880
__initialization                                   cinit        0015CA
__mediumconst                                      mediumconst  00FAEA
__pbitbssCOMRAM                                    bitbssCOMRAM 002AD8
__pbssBANK5                                        bssBANK5     000560
__pbssBANK6                                        bssBANK6     000600
__pbssCOMRAM                                       bssCOMRAM    000552
__pcinit                                           cinit        0015CA
__pcstackBANK5                                     cstackBANK5  0005CB
__pcstackCOMRAM                                    cstackCOMRAM 000501
__pivt0x8                                          ivt0x8       000008
__pmediumconst                                     mediumconst  00FAEA
__pnvBANK5                                         nvBANK5      0005F2
__ptext0                                           text0        000676
__ptext1                                           text1        0013F2
__ptext10                                          text10       000FB8
__ptext11                                          text11       00148A
__ptext12                                          text12       000C10
__ptext13                                          text13       0018F2
__ptext14                                          text14       0016AE
__ptext15                                          text15       000E64
__ptext16                                          text16       000DA2
__ptext17                                          text17       0011C2
__ptext18                                          text18       001510
__ptext19                                          text19       00158E
__ptext2                                           text2        0013A2
__ptext20                                          text20       000F12
__ptext21                                          text21       001772
__ptext22                                          text22       0017E0
__ptext23                                          text23       0012F2
__ptext24                                          text24       0017FE
__ptext25                                          text25       001056
__ptext26                                          text26       00181C
__ptext27                                          text27       001838
__ptext28                                          text28       001854
__ptext29                                          text29       001716
__ptext3                                           text3        00001E
__ptext30                                          text30       0018C4
__ptext31                                          text31       001228
__ptext32                                          text32       0016E2
__ptext33                                          text33       0018CE
__ptext34                                          text34       0018D8
__ptext35                                          text35       0018E2
__ptext36                                          text36       00179A
__ptext37                                          text37       00189C
__ptext38                                          text38       001550
__ptext39                                          text39       000880
__ptext4                                           text4        00077C
__ptext40                                          text40       0017C0
__ptext41                                          text41       00134E
__ptext42                                          text42       001440
__ptext43                                          text43       001604
__ptext44                                          text44       0014CE
__ptext45                                          text45       001154
__ptext46                                          text46       001870
__ptext47                                          text47       00050C
__ptext48                                          text48       0018EC
__ptext49                                          text49       001886
__ptext5                                           text5        000970
__ptext50                                          text50       0018B0
__ptext51                                          text51       001744
__ptext52                                          text52       000B42
__ptext53                                          text53       001678
__ptext54                                          text54       000A5A
__ptext55                                          text55       0018F4
__ptext56                                          text56       0018F6
__ptext57                                          text57       00163E
__ptext58                                          text58       0018F8
__ptext59                                          text59       0018FA
__ptext6                                           text6        00128E
__ptext60                                          text60       0018FC
__ptext7                                           text7        0010E0
__ptext8                                           text8        000CDA
__ptext9                                           text9        000396
__ramtop                                           ramtop       001600
__smallconst                                       mediumconst  00FAEA
_abs                                               text14       0016AE
_aux                                               bssBANK5     0005A6
_availableData                                     bssBANK5     000592
_buffer_clear                                      bitbssCOMRAM 002AD8
_clearBuffer                                       text40       0017C0
_dbuf                                              bssBANK6     000600
_dht_11                                            bssBANK5     000570
_dtoa                                              text9        000396
_dtoa$3231                                         cstackCOMRAM 000522
_esp8266_getchar                                   text50       0018B0
_esp8266_putchar                                   text46       001870
_esp8266_puts                                      text45       001154
_esp8266_readResponse                              text47       00050C
_esp8266_ready2read                                text48       0018EC
_esp8266_sendCommand                               text44       0014CE
_flags                                             bssCOMRAM    000554
_fputc                                             text12       000C10
_fputs                                             text11       00148A
_lcd_clear                                         text21       001772
_lcd_cmd                                           text22       0017E0
_lcd_init                                          text20       000F12
_lcd_print_char                                    text19       00158E
_lcd_print_string                                  text18       001510
_lcd_set_cursor                                    text17       0011C2
_ldc_set_data                                      text23       0012F2
_main                                              text0        000676
_myTimer0ISR                                       text59       0018FA
_pad                                               text10       000FB8
_prec                                              bssBANK5     000590
_putch                                             text13       0018F2
_read_prec_or_width                                text8        000CDA
_sprintf                                           text1        0013F2
_timerTMR0ReloadVal16bit                           bssCOMRAM    000552
_uart1RxBuffer                                     bssBANK5     00057E
_uart1RxCount                                      bssCOMRAM    000555
_uart1RxHead                                       bssCOMRAM    000557
_uart1RxLastError                                  bssBANK5     00059E
_uart1RxStatusBuffer                               bssBANK5     000560
_uart1RxTail                                       bssCOMRAM    000556
_uart1TxBuffer                                     bssBANK5     000586
_uart1TxBufferRemaining                            bssCOMRAM    000558
_uart1TxHead                                       bssCOMRAM    00055A
_uart1TxTail                                       bssCOMRAM    000559
_utoa                                              text5        000970
_vfpfcnvrt                                         text3        00001E
_vfprintf                                          text2        0013A2
_width                                             bssBANK5     00058E
_xtoa                                              text4        00077C
abs@a                                              cstackCOMRAM 00050B
dtoa@d                                             cstackCOMRAM 000520
dtoa@fp                                            cstackCOMRAM 00051E
dtoa@i                                             cstackCOMRAM 000528
dtoa@p                                             cstackCOMRAM 000524
dtoa@s                                             cstackCOMRAM 000527
dtoa@w                                             cstackCOMRAM 000525
end_of_initialization                              cinit        0015FE
esp8266_putchar@c                                  cstackCOMRAM 000505
esp8266_puts@cnt                                   cstackCOMRAM 000508
esp8266_puts@str                                   cstackCOMRAM 000506
esp8266_readResponse@c                             cstackCOMRAM 000514
esp8266_readResponse@cur_idx                       cstackCOMRAM 000516
esp8266_readResponse@i                             cstackCOMRAM 000515
esp8266_readResponse@i_2279                        cstackCOMRAM 000517
esp8266_readResponse@idx                           cstackCOMRAM 00050B
esp8266_readResponse@output                        cstackCOMRAM 000505
esp8266_readResponse@p                             cstackCOMRAM 000512
esp8266_readResponse@timeout                       cstackCOMRAM 000507
esp8266_sendCommand@cmd                            cstackCOMRAM 00050C
esp8266_sendCommand@param                          cstackCOMRAM 00050A
fputc@c                                            cstackCOMRAM 000505
fputc@fp                                           cstackCOMRAM 000507
fputs@c                                            cstackCOMRAM 000512
fputs@fp                                           cstackCOMRAM 000510
fputs@i                                            cstackCOMRAM 000513
fputs@s                                            cstackCOMRAM 00050E
intlevel0                                          text         000000
intlevel1                                          text         000000
intlevel2                                          text         000000
intlevel3                                          text         000000
isa$std                                            (abs)        000001
isa$xinst                                          (abs)        000000
ivt0x8_base                                        ivt0x8       000008
lcd_cmd@data                                       cstackCOMRAM 000507
lcd_print_char@data                                cstackCOMRAM 000507
lcd_print_string@a                                 cstackCOMRAM 000508
lcd_print_string@i                                 cstackCOMRAM 00050A
lcd_set_cursor@a                                   cstackCOMRAM 000509
lcd_set_cursor@b                                   cstackCOMRAM 000508
lcd_set_cursor@temp                                cstackCOMRAM 00050C
lcd_set_cursor@y                                   cstackCOMRAM 00050B
lcd_set_cursor@z                                   cstackCOMRAM 00050A
ldc_set_data@data                                  cstackCOMRAM 000505
main@acd_result                                    cstackBANK5  0005F0
main@response                                      cstackBANK5  0005EF
main@str1                                          cstackBANK5  0005DB
main@str2                                          cstackBANK5  0005EB
pad@buf                                            cstackCOMRAM 000517
pad@fp                                             cstackCOMRAM 000515
pad@i                                              cstackCOMRAM 00051C
pad@p                                              cstackCOMRAM 000519
read_prec_or_width@ap                              cstackCOMRAM 000507
read_prec_or_width@c                               cstackCOMRAM 00050B
read_prec_or_width@fmt                             cstackCOMRAM 000505
read_prec_or_width@n                               cstackCOMRAM 00050C
sprintf@ap                                         cstackCOMRAM 000543
sprintf@f                                          cstackCOMRAM 000545
sprintf@fmt                                        cstackBANK5  0005CD
sprintf@s                                          cstackBANK5  0005CB
stackhi                                            (abs)        000000
stacklo                                            (abs)        000000
start                                              init         00001A
start_initialization                               cinit        0015CA
utoa@d                                             cstackCOMRAM 000520
utoa@fp                                            cstackCOMRAM 00051E
utoa@i                                             cstackCOMRAM 000525
utoa@p                                             cstackCOMRAM 000522
utoa@w                                             cstackCOMRAM 000523
vfpfcnvrt@ap                                       cstackCOMRAM 00052F
vfpfcnvrt@c                                        cstackCOMRAM 000538
vfpfcnvrt@convarg                                  cstackCOMRAM 000534
vfpfcnvrt@cp                                       cstackCOMRAM 000539
vfpfcnvrt@done                                     cstackCOMRAM 000533
vfpfcnvrt@fmt                                      cstackCOMRAM 00052D
vfpfcnvrt@fp                                       cstackCOMRAM 00052B
vfprintf@ap                                        cstackCOMRAM 00053F
vfprintf@cfmt                                      cstackCOMRAM 000541
vfprintf@fmt                                       cstackCOMRAM 00053D
vfprintf@fp                                        cstackCOMRAM 00053B
xtoa@c                                             cstackCOMRAM 000528
xtoa@d                                             cstackCOMRAM 000520
xtoa@fp                                            cstackCOMRAM 00051E
xtoa@i                                             cstackCOMRAM 000529
xtoa@p                                             cstackCOMRAM 000525
xtoa@w                                             cstackCOMRAM 000526


MODULE INFORMATION

Module		Function		Class		Link	Load	Size
C:\Program Files\Microchip\xc8\v3.00\pic\sources\c99\common\abs.c
		_abs           		CODE           	16AE	0000	52

C:\Program Files\Microchip\xc8\v3.00\pic\sources\c99\common\abs.c estimated size: 52

C:\Program Files\Microchip\xc8\v3.00\pic\sources\c99\common\nf_fputc.c
		_fputc         		CODE           	0C10	0000	202

C:\Program Files\Microchip\xc8\v3.00\pic\sources\c99\common\nf_fputc.c estimated size: 202

esp8266.c
		_esp8266_getchar		CODE           	18B0	0000	20
		_esp8266_putchar		CODE           	1870	0000	22
		_esp8266_sendCommand		CODE           	14CE	0000	66
		_esp8266_puts  		CODE           	1154	0000	110
		_ESP8266_Initialize		CODE           	0880	0000	240
		_ESP8266_SetWifiMode		CODE           	134E	0000	84
		_esp8266_ready2read		CODE           	18EC	0000	6
		_ESP8266_EnableMultipleConnections		CODE           	1440	0000	74
		_esp8266_readResponse		CODE           	050C	0000	362
		_ESP8266_CheckCommunication		CODE           	1604	0000	58
		_clearBuffer   		CODE           	17C0	0000	32

esp8266.c estimated size: 1074

C:\Program Files\Microchip\xc8\v3.00\pic\sources\c99\common\nf_sprintf.c
		_sprintf       		CODE           	13F2	0000	78

C:\Program Files\Microchip\xc8\v3.00\pic\sources\c99\common\nf_sprintf.c estimated size: 78

mcc_generated_files/system/src/interrupt.c
		_INT0_SetInterruptHandler		CODE           	18E2	0000	10
		_INT1_SetInterruptHandler		CODE           	18D8	0000	10
		_INT2_SetInterruptHandler		CODE           	18CE	0000	10
		_INTERRUPT_Initialize		CODE           	16E2	0000	52
		_INTERRUPT_InterruptManager		CODE           	0B42	0000	206

mcc_generated_files/system/src/interrupt.c estimated size: 288

mcc_generated_files/adc/src/adcc.c
		_ADCC_GetSingleConversion		CODE           	1744	0000	46
		_ADCC_Initialize		CODE           	1550	0000	62

mcc_generated_files/adc/src/adcc.c estimated size: 108

C:\Program Files\Microchip\xc8\v3.00\pic\sources\c99\common\lwmod.c
		___lwmod       		CODE           	128E	0000	100

C:\Program Files\Microchip\xc8\v3.00\pic\sources\c99\common\lwmod.c estimated size: 100

mcc_generated_files/uart/src/uart1.c
		_UART1_DefaultOverrunErrorCallback		CODE           	18F4	0000	2
		_UART1_IsRxReady		CODE           	1886	0000	22
		_UART1_FramingErrorCallbackRegister		CODE           	1854	0000	28
		_UART1_OverrunErrorCallbackRegister		CODE           	1838	0000	28
		_UART1_ReceiveISR		CODE           	0A5A	0000	232
		_UART1_Initialize		CODE           	1056	0000	138
		_UART1_DefaultFramingErrorCallback		CODE           	18F6	0000	2
		_UART1_TransmitISR		CODE           	1678	0000	54
		_UART1_ParityErrorCallbackRegister		CODE           	181C	0000	28

mcc_generated_files/uart/src/uart1.c estimated size: 534

C:\Program Files\Microchip\xc8\v3.00\pic\sources\c99\common\awmod.c
		___awmod       		CODE           	0E64	0000	174

C:\Program Files\Microchip\xc8\v3.00\pic\sources\c99\common\awmod.c estimated size: 174

C:\Program Files\Microchip\xc8\v3.00\pic\sources\c99\common\putch.c
		_putch         		CODE           	18F2	0000	2

C:\Program Files\Microchip\xc8\v3.00\pic\sources\c99\common\putch.c estimated size: 2

mcc_generated_files/system/src/pins.c
		_PIN_MANAGER_Initialize		CODE           	1228	0000	102
		_PIN_MANAGER_IOC		CODE           	18FC	0000	2

mcc_generated_files/system/src/pins.c estimated size: 104

shared
		_RESPONSE      		MEDIUMCONST    	FB93	0000	18
		__initialization		CODE           	15CA	0000	52
		_UART1         		MEDIUMCONST    	FB63	0000	48
		_CWMODE_param  		MEDIUMCONST    	FBB1	0000	6
		_Timer0        		MEDIUMCONST    	FBA5	0000	12
		_AT_command    		MEDIUMCONST    	FAEB	0000	120
		_ENDL          		MEDIUMCONST    	FBB7	0000	3

shared estimated size: 259

C:\Program Files\Microchip\xc8\v3.00\pic\sources\c99\common\nf_fputs.c
		_fputs         		CODE           	148A	0000	68

C:\Program Files\Microchip\xc8\v3.00\pic\sources\c99\common\nf_fputs.c estimated size: 68

lcd.c
		_lcd_cmd       		CODE           	17E0	0000	30
		_ldc_set_data  		CODE           	12F2	0000	92
		_lcd_set_cursor		CODE           	11C2	0000	102
		_lcd_clear     		CODE           	1772	0000	40
		_lcd_print_string		CODE           	1510	0000	64
		_lcd_print_char		CODE           	158E	0000	60
		_lcd_init      		CODE           	0F12	0000	166

lcd.c estimated size: 554

mcc_generated_files/system/src/clock.c
		_CLOCK_Initialize		CODE           	189C	0000	20

mcc_generated_files/system/src/clock.c estimated size: 20

C:\Program Files\Microchip\xc8\v3.00\pic\sources\c99\common\lwdiv.c
		___lwdiv       		CODE           	10E0	0000	116

C:\Program Files\Microchip\xc8\v3.00\pic\sources\c99\common\lwdiv.c estimated size: 116

C:\Program Files\Microchip\xc8\v3.00\pic\sources\c99\common\awdiv.c
		___awdiv       		CODE           	0DA2	0000	194

C:\Program Files\Microchip\xc8\v3.00\pic\sources\c99\common\awdiv.c estimated size: 194

mcc_generated_files/timer/src/tmr0.c
		_Timer0_Initialize		CODE           	1716	0000	46
		_Timer0_OverflowCallbackRegister		CODE           	18C4	0000	10
		_Timer0_OverflowISR		CODE           	163E	0000	58
		_Timer0_DefaultOverflowCallback		CODE           	18F8	0000	2

mcc_generated_files/timer/src/tmr0.c estimated size: 116

main.c
		_main          		CODE           	0676	0000	262
		_myTimer0ISR   		CODE           	18FA	0000	2

main.c estimated size: 264

C:\Program Files\Microchip\xc8\v3.00\pic\sources\c99\common\doprnt.c
		_read_prec_or_width		CODE           	0CDA	0000	200
		_vfpfcnvrt     		CODE           	001E	0000	888
		_pad           		CODE           	0FB8	0000	158
		_dtoa          		CODE           	0396	0000	374
		_vfprintf      		CODE           	13A2	0000	80
		_utoa          		CODE           	0970	0000	234
		_xtoa          		CODE           	077C	0000	260

C:\Program Files\Microchip\xc8\v3.00\pic\sources\c99\common\doprnt.c estimated size: 2194

mcc_generated_files/system/src/system.c
		_CPU_Initialize		CODE           	179A	0000	38
		_SYSTEM_Initialize		CODE           	17FE	0000	30

mcc_generated_files/system/src/system.c estimated size: 68

